# serializer version: 1
# name: test_list_invalid_target
  dict({
    'exit_code': 1,
    'stderr': '''
      File at '[PWD]/test.json' is not a valid scenario: Input data was truncated.
  
    ''',
    'stdout': '',
  })
# ---
# name: test_list_invalid_target_skip_invalid
  dict({
    'exit_code': 0,
    'stderr': '',
    'stdout': '''
      [PROJECT_ROOT]/scenarios/examples/example.json
          example-961b4c22
  
    ''',
  })
# ---
# name: test_list_no_hash
  dict({
    'exit_code': 0,
    'stderr': '',
    'stdout': '''
      scenarios/examples/example.json
          example
  
    ''',
  })
# ---
# name: test_list_no_sources
  dict({
    'exit_code': 0,
    'stderr': '',
    'stdout': '''
      example-961b4c22
  
    ''',
  })
# ---
# name: test_list_no_target_finds_all_valid_scenarios
  dict({
    'exit_code': 0,
    'stderr': '<not included>',
    'stdout': '<not included>',
  })
# ---
# name: test_list_one_target_does_not_exist
  dict({
    'exit_code': 1,
    'stderr': '''
      File 'foo' not found.
  
    ''',
    'stdout': '',
  })
# ---
# name: test_list_short_names
  dict({
    'exit_code': 0,
    'stderr': '',
    'stdout': '''
      scenarios/examples/example.json
          961b4c22
  
    ''',
  })
# ---
# name: test_list_target_does_not_exist
  dict({
    'exit_code': 1,
    'stderr': '''
      File 'foo' not found.
  
    ''',
    'stdout': '',
  })
# ---
